// Jest Snapshot v1, https://goo.gl/fbAQLP

exports[`NotFound component matches the snapshot 1`] = `
<DocumentFragment>
  <div
    class="h-full w-full flex flex-col justify-center items-center p-4"
  >
    <h1
      class="text-primary text-6xl font-bold"
    >
      Not Found
    </h1>
    <img
      alt="not found"
      height="500"
      src="/assets/images/not-found.png"
      width="500"
    />
    <p
      class="text-primary text-2xl md:text-3xl lg:text-4xl font-bold text-center"
    >
      Impossible de trouver la ressource demandée
    </p>
    <a
      class="inline-flex items-center justify-center whitespace-nowrap rounded-md text-sm font-medium ring-offset-background transition-colors focus-visible:outline-none focus-visible:ring-2 focus-visible:ring-ring focus-visible:ring-offset-2 disabled:pointer-events-none disabled:opacity-50 bg-primary text-primary-foreground hover:bg-primary/90 h-10 px-4 py-2 mt-5"
      href="/"
    >
      Retour à l'accueil
    </a>
  </div>
</DocumentFragment>
`;
